
Administrator@EZT-20180818XSR MINGW64 ~
$ cd D/                                                                                                                 bash: cd: D/: No such file or directory

Administrator@EZT-20180818XSR MINGW64 ~
$ cd d/
bash: cd: d/: No such file or directory

Administrator@EZT-20180818XSR MINGW64 ~
$ cd /d

Administrator@EZT-20180818XSR MINGW64 /d
$ cd github-slideshow/                                                                                                  
Administrator@EZT-20180818XSR MINGW64 /d/github-slideshow (master)
$ git commit-m "second"                                                                                                 git: 'commit-m' is not a git command. See 'git --help'.

The most similar command is
        commit-tree

Administrator@EZT-20180818XSR MINGW64 /d/github-slideshow (master)
$ git remote add origin git@https://github.com/traveller018/github-slideshow.git
fatal: remote origin already exists.

Administrator@EZT-20180818XSR MINGW64 /d/github-slideshow (master)
$ git push -u origin master
Everything up-to-date
Branch 'master' set up to track remote branch 'master' from 'origin'.

Administrator@EZT-20180818XSR MINGW64 /d/github-slideshow (master)
$ git commit -m "second"
On branch master
Your branch is up to date with 'origin/master'.

Untracked files:
        pc2.txt
        rise/

nothing added to commit but untracked files present

Administrator@EZT-20180818XSR MINGW64 /d/github-slideshow (master)
$ git push -u origin master
fatal: HttpRequestException encountered.
   发送请求时出错。
Username for 'https://github.com': traveller018
Everything up-to-date
Branch 'master' set up to track remote branch 'master' from 'origin'.

Administrator@EZT-20180818XSR MINGW64 /d/github-slideshow (master)
$ git commit -m "second"
On branch master
Your branch is up to date with 'origin/master'.

Untracked files:
        pc2.txt
        rise/

nothing added to commit but untracked files present

Administrator@EZT-20180818XSR MINGW64 /d/github-slideshow (master)
$ git push -u origin master
Everything up-to-date
Branch 'master' set up to track remote branch 'master' from 'origin'.

Administrator@EZT-20180818XSR MINGW64 /d/github-slideshow (master)
$ ls
_config.yml  _layouts/  Gemfile       index.html  node_modules/      pc2.txt    rise/    test.txt
_includes/   _posts/    Gemfile.lock  LICENSE     package-lock.json  README.md  script/

Administrator@EZT-20180818XSR MINGW64 /d/github-slideshow (master)
$ git add pc2.txt

Administrator@EZT-20180818XSR MINGW64 /d/github-slideshow (master)
$ git commit -m "second"
[master 9710d53] second
 1 file changed, 0 insertions(+), 0 deletions(-)
 create mode 100644 pc2.txt

Administrator@EZT-20180818XSR MINGW64 /d/github-slideshow (master)
$ git push -u origin master
fatal: HttpRequestException encountered.
   发送请求时出错。
Username for 'https://github.com': traveller018
remote: Invalid username or password.
fatal: Authentication failed for 'https://github.com/traveller018/github-slideshow.git/'

Administrator@EZT-20180818XSR MINGW64 /d/github-slideshow (master)
$ git config --global user.name "traveller018"

Administrator@EZT-20180818XSR MINGW64 /d/github-slideshow (master)
$ git push -u origin master
Logon failed, use ctrl+c to cancel basic credential prompt.
Username for 'https://github.com': traveller018
Enumerating objects: 3, done.
Counting objects: 100% (3/3), done.
Delta compression using up to 4 threads
Compressing objects: 100% (2/2), done.
Writing objects: 100% (2/2), 234 bytes | 234.00 KiB/s, done.
Total 2 (delta 1), reused 0 (delta 0)
remote: Resolving deltas: 100% (1/1), completed with 1 local object.
To https://github.com/traveller018/github-slideshow.git
   2aced7e..9710d53  master -> master
Branch 'master' set up to track remote branch 'master' from 'origin'.

Administrator@EZT-20180818XSR MINGW64 /d/github-slideshow (master)
$